// Vitest Snapshot v1, https://vitest.dev/guide/snapshot.html

exports[`toResponsesRow > matches the full snapshot for a golden submission 1`] = `
{
  "bundle_growth_price": "mid",
  "bundle_growth_price_other": null,
  "bundle_pro_price": "not_interested",
  "bundle_pro_price_other": null,
  "bundle_starter_price": "not_interested",
  "bundle_starter_price_other": null,
  "consent_marketing": true,
  "language": "es",
  "q10_top_wish": "help me grow internationally",
  "q11_can_contact": "yes",
  "q11b_phone": "+525512345678",
  "q11b_phone_country": "MX",
  "q11c_email": "ana@laneta.com",
  "q1_name": "Ana Torres",
  "q2_handle": "anatorres",
  "q3_platforms": [
    "youtube",
    "tiktok",
  ],
  "q3_platforms_other": null,
  "q4_followers": "50K-100K",
  "q5_hours_non_content": "10h+",
  "q6_current_tasks": [
    "cut_clips",
    "design_thumbs",
  ],
  "q8_buying_preference": "not_sure",
  "q9_monthly_budget": "200-400",
  "q9_monthly_budget_other": null,
  "referrer": "http://localhost/",
  "s01_short_form_clips_interest": "very",
  "s01_short_form_clips_price": "mid",
  "s01_short_form_clips_price_other": null,
  "s02_thumbnail_cover_design_interest": "nope",
  "s02_thumbnail_cover_design_price": "not_interested",
  "s02_thumbnail_cover_design_price_other": null,
  "s03_ai_dubbing_translation_interest": "nope",
  "s03_ai_dubbing_translation_price": "not_interested",
  "s03_ai_dubbing_translation_price_other": null,
  "s04_content_seo_hashtags_interest": "nope",
  "s04_content_seo_hashtags_price": "not_interested",
  "s04_content_seo_hashtags_price_other": null,
  "s05_weekly_dashboard_interest": "nope",
  "s05_weekly_dashboard_price": "not_interested",
  "s05_weekly_dashboard_price_other": null,
  "s06_dynamic_media_kit_interest": "nope",
  "s06_dynamic_media_kit_price": "not_interested",
  "s06_dynamic_media_kit_price_other": null,
  "s07_elevn_ai_coach_interest": "kinda",
  "s07_elevn_ai_coach_price": "low",
  "s07_elevn_ai_coach_price_other": null,
  "s08_we_post_for_you_interest": "nope",
  "s08_we_post_for_you_price": "not_interested",
  "s08_we_post_for_you_price_other": null,
  "s09_paid_community_interest": "nope",
  "s09_paid_community_price": "not_interested",
  "s09_paid_community_price_other": null,
  "s10_newsletter_interest": "nope",
  "s10_newsletter_price": "not_interested",
  "s10_newsletter_price_other": null,
  "s11_online_course_interest": "nope",
  "s11_online_course_price": "not_interested",
  "s11_online_course_price_other": null,
  "s12_podcast_interest": "nope",
  "s12_podcast_price": "not_interested",
  "s12_podcast_price_other": null,
  "s13_merch_store_interest": "nope",
  "s13_merch_store_price": "not_interested",
  "s13_merch_store_price_other": null,
  "source": "form-violet",
  "submission_id": "11111111-1111-4111-8111-111111111111",
  "timestamp_iso": "2026-04-21T00:00:00.000Z",
  "user_agent": "vitest",
  "utm_campaign": null,
  "utm_content": null,
  "utm_medium": null,
  "utm_source": null,
  "utm_term": null,
}
`;
